<?php return array (
  0 => 'Symfony\\Bundle\\FrameworkBundle\\Controller\\AbstractController',
  1 => 'App\\Controller\\AccountAddressController',
  2 => 'App\\Controller\\AccountController',
  3 => 'App\\Controller\\AccountOrderController',
  4 => 'App\\Controller\\AccountPasswordController',
  5 => 'App\\Controller\\Admin\\CarrierCrudController',
  6 => 'App\\Controller\\Admin\\CategoryCrudController',
  7 => 'App\\Controller\\Admin\\DashboardController',
  8 => 'App\\Controller\\Admin\\HeaderCrudController',
  9 => 'App\\Controller\\Admin\\OrderCrudController',
  10 => 'App\\Controller\\Admin\\ProductCrudController',
  11 => 'App\\Controller\\Admin\\UserCrudController',
  12 => 'App\\Controller\\CartController',
  13 => 'App\\Controller\\Classe\\Cart',
  14 => 'App\\Controller\\Classe\\Search',
  15 => 'App\\Controller\\ContactController',
  16 => 'App\\Controller\\HomeController',
  17 => 'App\\Controller\\OrderCancelController',
  18 => 'App\\Controller\\OrderController',
  19 => 'App\\Controller\\OrderValidateController',
  20 => 'App\\Controller\\ProductController',
  21 => 'App\\Controller\\RegisterController',
  22 => 'App\\Controller\\ResetPasswordController',
  23 => 'App\\Controller\\SecurityController',
  24 => 'App\\Controller\\StripeController',
  25 => 'App\\Entity\\Address',
  26 => 'App\\Entity\\Carrier',
  27 => 'App\\Entity\\Category',
  28 => 'App\\Entity\\Header',
  29 => 'App\\Entity\\Order',
  30 => 'App\\Entity\\OrderDetails',
  31 => 'App\\Entity\\Product',
  32 => 'App\\Entity\\ResetPassword',
  33 => 'App\\Entity\\User',
  34 => 'Doctrine\\Bundle\\DoctrineBundle\\Controller\\ProfilerController',
  35 => 'Doctrine\\ORM\\Cache\\Persister\\Entity\\AbstractEntityPersister',
  36 => 'Doctrine\\ORM\\Cache\\Persister\\Entity\\CachedEntityPersister',
  37 => 'Doctrine\\ORM\\Cache\\Persister\\Entity\\NonStrictReadWriteCachedEntityPersister',
  38 => 'Doctrine\\ORM\\Cache\\Persister\\Entity\\ReadOnlyCachedEntityPersister',
  39 => 'Doctrine\\ORM\\Cache\\Persister\\Entity\\ReadWriteCachedEntityPersister',
  40 => 'Doctrine\\ORM\\Persisters\\Entity\\AbstractEntityInheritancePersister',
  41 => 'Doctrine\\ORM\\Persisters\\Entity\\BasicEntityPersister',
  42 => 'Doctrine\\ORM\\Persisters\\Entity\\CachedPersisterContext',
  43 => 'Doctrine\\ORM\\Persisters\\Entity\\EntityPersister',
  44 => 'Doctrine\\ORM\\Persisters\\Entity\\JoinedSubclassPersister',
  45 => 'Doctrine\\ORM\\Persisters\\Entity\\SingleTablePersister',
  46 => 'EasyCorp\\Bundle\\EasyAdminBundle\\Contracts\\Controller\\CrudControllerInterface',
  47 => 'EasyCorp\\Bundle\\EasyAdminBundle\\Contracts\\Controller\\DashboardControllerInterface',
  48 => 'EasyCorp\\Bundle\\EasyAdminBundle\\Controller\\AbstractCrudController',
  49 => 'EasyCorp\\Bundle\\EasyAdminBundle\\Controller\\AbstractDashboardController',
  50 => 'EasyCorp\\Bundle\\EasyAdminBundle\\Controller\\EasyAdminController',
  52 => 'Symfony\\Bundle\\FrameworkBundle\\Controller\\ControllerResolver',
  53 => 'Symfony\\Bundle\\FrameworkBundle\\Controller\\RedirectController',
  54 => 'Symfony\\Bundle\\FrameworkBundle\\Controller\\TemplateController',
  55 => 'Symfony\\Bundle\\WebProfilerBundle\\Controller\\ExceptionPanelController',
  56 => 'Symfony\\Bundle\\WebProfilerBundle\\Controller\\ProfilerController',
  57 => 'Symfony\\Bundle\\WebProfilerBundle\\Controller\\RouterController',
  58 => 'Symfony\\Component\\HttpKernel\\Controller\\ArgumentResolver',
  59 => 'Symfony\\Component\\HttpKernel\\Controller\\ArgumentResolverInterface',
  60 => 'Symfony\\Component\\HttpKernel\\Controller\\ArgumentResolver\\DefaultValueResolver',
  61 => 'Symfony\\Component\\HttpKernel\\Controller\\ArgumentResolver\\NotTaggedControllerValueResolver',
  62 => 'Symfony\\Component\\HttpKernel\\Controller\\ArgumentResolver\\RequestAttributeValueResolver',
  63 => 'Symfony\\Component\\HttpKernel\\Controller\\ArgumentResolver\\RequestValueResolver',
  64 => 'Symfony\\Component\\HttpKernel\\Controller\\ArgumentResolver\\ServiceValueResolver',
  65 => 'Symfony\\Component\\HttpKernel\\Controller\\ArgumentResolver\\SessionValueResolver',
  66 => 'Symfony\\Component\\HttpKernel\\Controller\\ArgumentResolver\\TraceableValueResolver',
  67 => 'Symfony\\Component\\HttpKernel\\Controller\\ArgumentResolver\\VariadicValueResolver',
  68 => 'Symfony\\Component\\HttpKernel\\Controller\\ArgumentValueResolverInterface',
  69 => 'Symfony\\Component\\HttpKernel\\Controller\\ContainerControllerResolver',
  70 => 'Symfony\\Component\\HttpKernel\\Controller\\ControllerReference',
  71 => 'Symfony\\Component\\HttpKernel\\Controller\\ControllerResolver',
  72 => 'Symfony\\Component\\HttpKernel\\Controller\\ControllerResolverInterface',
  73 => 'Symfony\\Component\\HttpKernel\\Controller\\ErrorController',
  74 => 'Symfony\\Component\\HttpKernel\\Controller\\TraceableArgumentResolver',
  75 => 'Symfony\\Component\\HttpKernel\\Controller\\TraceableControllerResolver',
  76 => 'Symfony\\Component\\Security\\Http\\Controller\\UserValueResolver',
);